[train_grid4] gate0_r2a1e1c2_s0: 6000000 steps x 4 envs -> /home/rml2/Documents/ben_gu/ben_pengu/pengu/pengu_mujoco/rl_grid4/runs/gate0_r2a1e1c2_s0
[curriculum] vx_cmd start 0.12
[diag]    250000 steps  ep_len=131 fall=0.96  vx=-0.032  hip_diff=9.9deg hip_corr=+0.24  torso_rms=19.9deg roll_rate=99dps stride_asym=-0.010  sigma_torso=0.367
[diag]    500000 steps  ep_len=187 fall=0.87  vx=0.050  hip_diff=8.6deg hip_corr=+0.54  torso_rms=32.3deg roll_rate=128dps stride_asym=-0.029  sigma_torso=0.365
[curriculum] 725000 steps -> vx_cmd 0.17 (survival gate)
[diag]    750000 steps  ep_len=342 fall=0.53  vx=0.032  hip_diff=8.1deg hip_corr=+0.43  torso_rms=29.7deg roll_rate=87dps stride_asym=-0.023  sigma_torso=0.361
[curriculum] 750000 steps -> vx_cmd 0.22 (survival gate)
[diag]   1000000 steps  ep_len=387 fall=0.40  vx=0.046  hip_diff=8.6deg hip_corr=+0.32  torso_rms=31.7deg roll_rate=79dps stride_asym=+0.026  sigma_torso=0.364
[curriculum] 1100000 steps -> vx_cmd 0.27 (survival gate)
[diag]   1250000 steps  ep_len=348 fall=0.53  vx=0.057  hip_diff=10.1deg hip_corr=+0.19  torso_rms=29.4deg roll_rate=90dps stride_asym=+0.008  sigma_torso=0.372
[diag]   1500000 steps  ep_len=338 fall=0.57  vx=0.060  hip_diff=10.2deg hip_corr=+0.23  torso_rms=30.9deg roll_rate=93dps stride_asym=+0.061  sigma_torso=0.375
[diag]   1750000 steps  ep_len=364 fall=0.43  vx=0.022  hip_diff=9.4deg hip_corr=+0.24  torso_rms=29.9deg roll_rate=89dps stride_asym=+0.072  sigma_torso=0.376
[curriculum] 1750000 steps -> vx_cmd 0.32 (survival gate)
[diag]   2000000 steps  ep_len=343 fall=0.56  vx=0.069  hip_diff=10.4deg hip_corr=+0.17  torso_rms=34.0deg roll_rate=106dps stride_asym=+0.133  sigma_torso=0.380
[diag]   2250000 steps  ep_len=309 fall=0.67  vx=0.081  hip_diff=11.4deg hip_corr=+0.27  torso_rms=39.2deg roll_rate=130dps stride_asym=+0.145  sigma_torso=0.383
[diag]   2500000 steps  ep_len=377 fall=0.47  vx=0.081  hip_diff=11.1deg hip_corr=+0.23  torso_rms=32.0deg roll_rate=110dps stride_asym=+0.122  sigma_torso=0.386
[curriculum] 2700000 steps -> vx_cmd 0.37 (survival gate)
[curriculum] 2725000 steps -> vx_cmd 0.42 (survival gate)
[diag]   2750000 steps  ep_len=400 fall=0.38  vx=0.068  hip_diff=10.4deg hip_corr=+0.16  torso_rms=26.9deg roll_rate=93dps stride_asym=+0.124  sigma_torso=0.391
[curriculum] 2750000 steps -> vx_cmd 0.47 (survival gate)
[curriculum] 2850000 steps -> vx_cmd 0.47 (survival gate)
[diag]   3000000 steps  ep_len=427 fall=0.26  vx=0.061  hip_diff=9.2deg hip_corr=+0.31  torso_rms=27.7deg roll_rate=97dps stride_asym=+0.124  sigma_torso=0.401
[diag]   3250000 steps  ep_len=398 fall=0.42  vx=0.025  hip_diff=10.1deg hip_corr=+0.29  torso_rms=33.6deg roll_rate=106dps stride_asym=+0.203  sigma_torso=0.405
[diag]   3500000 steps  ep_len=376 fall=0.51  vx=0.042  hip_diff=10.4deg hip_corr=+0.24  torso_rms=32.3deg roll_rate=93dps stride_asym=+0.224  sigma_torso=0.407
[diag]   3750000 steps  ep_len=398 fall=0.38  vx=0.016  hip_diff=9.6deg hip_corr=+0.26  torso_rms=28.5deg roll_rate=92dps stride_asym=+0.247  sigma_torso=0.406
[diag]   4000000 steps  ep_len=435 fall=0.22  vx=0.039  hip_diff=8.3deg hip_corr=+0.46  torso_rms=24.1deg roll_rate=93dps stride_asym=+0.190  sigma_torso=0.406
[diag]   4250000 steps  ep_len=398 fall=0.32  vx=0.079  hip_diff=9.0deg hip_corr=+0.53  torso_rms=28.8deg roll_rate=112dps stride_asym=+0.073  sigma_torso=0.407
[diag]   4500000 steps  ep_len=406 fall=0.30  vx=0.103  hip_diff=9.1deg hip_corr=+0.46  torso_rms=26.4deg roll_rate=111dps stride_asym=+0.047  sigma_torso=0.408
[diag]   4750000 steps  ep_len=375 fall=0.49  vx=0.146  hip_diff=10.6deg hip_corr=+0.41  torso_rms=31.2deg roll_rate=118dps stride_asym=+0.040  sigma_torso=0.408
[diag]   5000000 steps  ep_len=431 fall=0.28  vx=0.101  hip_diff=9.1deg hip_corr=+0.38  torso_rms=19.0deg roll_rate=93dps stride_asym=+0.021  sigma_torso=0.412
[diag]   5250000 steps  ep_len=410 fall=0.36  vx=0.135  hip_diff=8.8deg hip_corr=+0.53  torso_rms=22.7deg roll_rate=103dps stride_asym=+0.002  sigma_torso=0.421
[diag]   5500000 steps  ep_len=325 fall=0.65  vx=0.179  hip_diff=9.9deg hip_corr=+0.49  torso_rms=30.4deg roll_rate=115dps stride_asym=-0.007  sigma_torso=0.420
[diag]   5750000 steps  ep_len=287 fall=0.78  vx=0.193  hip_diff=9.9deg hip_corr=+0.56  torso_rms=37.5deg roll_rate=139dps stride_asym=-0.020  sigma_torso=0.422
[diag]   6000000 steps  ep_len=433 fall=0.28  vx=0.098  hip_diff=8.2deg hip_corr=+0.58  torso_rms=30.1deg roll_rate=104dps stride_asym=-0.018  sigma_torso=0.425
[train_grid4] done -> /home/rml2/Documents/ben_gu/ben_pengu/pengu/pengu_mujoco/rl_grid4/runs/gate0_r2a1e1c2_s0/ckpts/final.zip
