[train_grid4] overnight/retro_c/no_back: 3000000 steps x 4 envs -> /home/rml2/Documents/ben_gu/ben_pengu/pengu/pengu_mujoco/rl_grid4/runs/overnight/retro_c/no_back
[curriculum] vx_cmd start 0.12
[diag]    250000 steps  ep_len=124 fall=0.98  vx=0.001  hip_diff=10.0deg hip_corr=+0.32  torso_rms=24.3deg roll_rate=109dps stride_asym=+0.040  r_hf=-0.165  sigma_torso=0.350
[diag]    500000 steps  ep_len=283 fall=0.68  vx=0.023  hip_diff=10.3deg hip_corr=+0.40  torso_rms=35.4deg roll_rate=103dps stride_asym=+0.144  r_hf=-0.154  sigma_torso=0.337
[curriculum] 575000 steps -> vx_cmd 0.17 (survival gate)
[curriculum] 600000 steps -> vx_cmd 0.22 (survival gate)
[diag]    750000 steps  ep_len=323 fall=0.54  vx=0.012  hip_diff=10.8deg hip_corr=+0.24  torso_rms=34.7deg roll_rate=91dps stride_asym=+0.168  r_hf=-0.146  sigma_torso=0.324
[diag]   1000000 steps  ep_len=256 fall=0.78  vx=0.078  hip_diff=13.3deg hip_corr=+0.09  torso_rms=35.7deg roll_rate=118dps stride_asym=+0.106  r_hf=-0.149  sigma_torso=0.316
[curriculum] 1125000 steps -> vx_cmd 0.27 (survival gate)
[curriculum] 1150000 steps -> vx_cmd 0.32 (survival gate)
[curriculum] 1175000 steps -> vx_cmd 0.37 (survival gate)
[diag]   1250000 steps  ep_len=389 fall=0.39  vx=0.048  hip_diff=12.0deg hip_corr=+0.16  torso_rms=34.4deg roll_rate=92dps stride_asym=+0.168  r_hf=-0.160  sigma_torso=0.308
[diag]   1500000 steps  ep_len=310 fall=0.68  vx=0.119  hip_diff=13.6deg hip_corr=+0.22  torso_rms=38.9deg roll_rate=122dps stride_asym=+0.135  r_hf=-0.176  sigma_torso=0.299
[diag]   1750000 steps  ep_len=287 fall=0.76  vx=0.123  hip_diff=14.1deg hip_corr=+0.15  torso_rms=42.9deg roll_rate=126dps stride_asym=+0.184  r_hf=-0.170  sigma_torso=0.295
[diag]   2000000 steps  ep_len=306 fall=0.70  vx=0.151  hip_diff=13.6deg hip_corr=+0.33  torso_rms=38.4deg roll_rate=122dps stride_asym=+0.146  r_hf=-0.177  sigma_torso=0.291
[diag]   2250000 steps  ep_len=355 fall=0.51  vx=0.063  hip_diff=12.4deg hip_corr=+0.13  torso_rms=28.4deg roll_rate=98dps stride_asym=+0.077  r_hf=-0.153  sigma_torso=0.281
[diag]   2500000 steps  ep_len=371 fall=0.48  vx=0.105  hip_diff=11.9deg hip_corr=+0.25  torso_rms=34.2deg roll_rate=107dps stride_asym=+0.118  r_hf=-0.150  sigma_torso=0.278
[diag]   2750000 steps  ep_len=378 fall=0.46  vx=0.086  hip_diff=12.0deg hip_corr=+0.21  torso_rms=34.8deg roll_rate=108dps stride_asym=+0.104  r_hf=-0.157  sigma_torso=0.270
[diag]   3000000 steps  ep_len=349 fall=0.56  vx=0.159  hip_diff=13.2deg hip_corr=+0.26  torso_rms=39.7deg roll_rate=127dps stride_asym=+0.138  r_hf=-0.163  sigma_torso=0.266
[train_grid4] done -> /home/rml2/Documents/ben_gu/ben_pengu/pengu/pengu_mujoco/rl_grid4/runs/overnight/retro_c/no_back/ckpts/final.zip
