=== gen02  2026-08-22 20:46:48 ===
  back05 : back=0.5
  back0 : back=0.0
  prog3 : progress=3.0
  training 3 candidates ...
  training done 21:08:18
  back05: selected final.zip
  back05: eval + render done
  back0: selected final.zip
  back0: eval + render done
  prog3: selected final.zip
  prog3: eval + render done

=== gen02 ===
cand              vtail  vswg  fall  eplen   roll  rollμ  |μ|/R  rate   hipc   asym  sing  ePass  eNfwd
-------------------------------------------------------------------------------------------------------
back0             0.103 0.097  0.56    349   28.0    7.4   0.27    52   0.26  0.138  0.56   0.50  0.124   unstable
prog3             0.097 0.093  0.42    388   10.6    3.2   0.30    14   0.41  0.118  0.62   0.00  0.021   unstable
back05            0.141 0.071  0.40    400   59.8  -20.7   0.35    16   0.19  0.328  0.55   0.00  0.004   STATIC-TORSO,FAKE-TORSO,unstable,ASYM

reward budget at the last diag row (per step):
cand                 track  progress      back    energy     swing     scrub    smooth      fall  pos_sum
back0                0.223     0.240     0.000    -0.008     0.114    -0.165    -0.011    -0.040    0.578
back05               0.244     0.178    -0.040    -0.006     0.087    -0.137    -0.007    -0.025    0.509
prog3                0.185     0.454    -0.155    -0.005     0.087    -0.142    -0.011    -0.033    0.726

HELD-LEAN     |roll_mean|/roll_RMS > 0.7 -- torso parked to one side, not swinging.
              This is the failure that reads as a success in the summary numbers.
STATIC-TORSO  high roll RMS but roll RATE < 30 deg/s -- leaning, barely moving.
FAKE-TORSO    high roll RMS in eval but net_fwd < 0.03 -- the exact false positive
              Ben flagged: reads as strong torso use, goes nowhere.
ASYM          |stride_asym| > 0.25 -- one leg taking much longer strides, i.e.
              curving or compensating for a held lean.
unstable      vswing > 0.05 over the last 1M steps; the vtail is a draw, not a value.
Frames: overnight/<gen>/frames/<cand>_strip.png  (t = 3, 6, 9 s stacked)
=== gen02 complete 2026-08-22 21:12:29 ===
