=== waiting for pid 5828 (a2p0_ext) Sat Aug 22 23:44:24 EDT 2026 ===
=== pid 5828 done Sun Aug 23 00:19:24 EDT 2026 ===
=== r3d_arm s1 train Sun Aug 23 00:19:24 EDT 2026 ===
[train_grid4] r3d_arm/s1: 3000000 steps x 8 envs -> /Users/ben/Documents/CMU/Robomechanics Lab/PenguMujoco/pengu_mujoco/rl_grid4/runs/r3d_arm/s1
[curriculum] vx_cmd start 0.12
[curriculum] 225000 steps -> vx_cmd 0.17 (survival gate)
[diag]    250000 steps  ep_len=191 fall=0.82  vx=-0.040  hip_diff=10.2deg hip_corr=+0.10  torso_rms=13.8deg roll_rate=86dps stride_asym=-0.099  r_hf=-0.168  sigma_torso=0.346
[diag]    500000 steps  ep_len=385 fall=0.43  vx=0.046  hip_diff=9.1deg hip_corr=+0.41  torso_rms=27.5deg roll_rate=76dps stride_asym=-0.181  r_hf=-0.153  sigma_torso=0.340
[curriculum] 550000 steps -> vx_cmd 0.22 (survival gate)
[curriculum] 575000 steps -> vx_cmd 0.27 (survival gate)
[diag]    750000 steps  ep_len=380 fall=0.44  vx=0.065  hip_diff=9.9deg hip_corr=+0.33  torso_rms=30.9deg roll_rate=82dps stride_asym=-0.155  r_hf=-0.149  sigma_torso=0.331
[diag]   1000000 steps  ep_len=353 fall=0.55  vx=0.071  hip_diff=11.2deg hip_corr=+0.19  torso_rms=30.5deg roll_rate=85dps stride_asym=-0.137  r_hf=-0.143  sigma_torso=0.322
[diag]   1250000 steps  ep_len=365 fall=0.48  vx=0.070  hip_diff=11.8deg hip_corr=+0.07  torso_rms=28.9deg roll_rate=83dps stride_asym=-0.104  r_hf=-0.140  sigma_torso=0.310
[curriculum] 1275000 steps -> vx_cmd 0.32 (survival gate)
[diag]   1500000 steps  ep_len=363 fall=0.52  vx=0.096  hip_diff=11.8deg hip_corr=+0.06  torso_rms=28.0deg roll_rate=82dps stride_asym=-0.049  r_hf=-0.137  sigma_torso=0.300
[diag]   1750000 steps  ep_len=349 fall=0.58  vx=0.112  hip_diff=12.3deg hip_corr=+0.01  torso_rms=28.4deg roll_rate=89dps stride_asym=-0.033  r_hf=-0.141  sigma_torso=0.296
[diag]   2000000 steps  ep_len=365 fall=0.51  vx=0.117  hip_diff=12.0deg hip_corr=+0.04  torso_rms=29.0deg roll_rate=88dps stride_asym=-0.031  r_hf=-0.141  sigma_torso=0.291
[curriculum] 2150000 steps -> vx_cmd 0.37 (survival gate)
[diag]   2250000 steps  ep_len=384 fall=0.42  vx=0.106  hip_diff=11.8deg hip_corr=+0.08  torso_rms=30.7deg roll_rate=83dps stride_asym=-0.063  r_hf=-0.135  sigma_torso=0.283
[diag]   2500000 steps  ep_len=368 fall=0.49  vx=0.144  hip_diff=13.5deg hip_corr=-0.08  torso_rms=30.5deg roll_rate=89dps stride_asym=-0.068  r_hf=-0.141  sigma_torso=0.280
[diag]   2750000 steps  ep_len=337 fall=0.61  vx=0.179  hip_diff=14.4deg hip_corr=-0.15  torso_rms=31.7deg roll_rate=99dps stride_asym=-0.057  r_hf=-0.140  sigma_torso=0.276
[diag]   3000000 steps  ep_len=351 fall=0.59  vx=0.205  hip_diff=15.3deg hip_corr=-0.19  torso_rms=32.2deg roll_rate=109dps stride_asym=-0.068  r_hf=-0.147  sigma_torso=0.273
[train_grid4] done -> /Users/ben/Documents/CMU/Robomechanics Lab/PenguMujoco/pengu_mujoco/rl_grid4/runs/r3d_arm/s1/ckpts/final.zip
=== r3d_arm s1 eval Sun Aug 23 00:40:39 EDT 2026 ===
/opt/anaconda3/envs/pengu/lib/python3.11/site-packages/numpy/_core/fromnumeric.py:4232: RuntimeWarning: Degrees of freedom <= 0 for slice
  return _methods._var(a, axis=axis, dtype=dtype, out=out, ddof=ddof,
/opt/anaconda3/envs/pengu/lib/python3.11/site-packages/numpy/_core/_methods.py:178: RuntimeWarning: invalid value encountered in divide
  arrmean = um.true_divide(arrmean, div, out=arrmean,
/opt/anaconda3/envs/pengu/lib/python3.11/site-packages/numpy/_core/_methods.py:211: RuntimeWarning: invalid value encountered in scalar divide
  ret = ret.dtype.type(ret / rcount)
/opt/anaconda3/envs/pengu/lib/python3.11/site-packages/numpy/_core/fromnumeric.py:3824: RuntimeWarning: Mean of empty slice
  return _methods._mean(a, axis=axis, dtype=dtype,
/opt/anaconda3/envs/pengu/lib/python3.11/site-packages/numpy/_core/_methods.py:142: RuntimeWarning: invalid value encountered in scalar divide
  ret = ret.dtype.type(ret / rcount)
  mu=0.1  pass=0.8  net_fwd mean=0.487 min=0.000  torso_rms med=nandeg
  mu=0.2  pass=1.0  net_fwd mean=0.553 min=0.488  torso_rms med=28.4deg
  mu=0.3  pass=1.0  net_fwd mean=0.293 min=0.284  torso_rms med=16.6deg
  mu=0.4  pass=0.0  net_fwd mean=0.012 min=-0.041  torso_rms med=nandeg
[ckpts] tier 1 no-walk (zero standing on torso claims)
wrote /Users/ben/Documents/CMU/Robomechanics Lab/PenguMujoco/pengu_mujoco/rl_grid4/runs/r3d_arm/s1/eval_frozen.csv (20 trials)
=== r3d_arm s2 train Sun Aug 23 00:40:52 EDT 2026 ===
[train_grid4] r3d_arm/s2: 3000000 steps x 8 envs -> /Users/ben/Documents/CMU/Robomechanics Lab/PenguMujoco/pengu_mujoco/rl_grid4/runs/r3d_arm/s2
[curriculum] vx_cmd start 0.12
[curriculum] 200000 steps -> vx_cmd 0.17 (survival gate)
[curriculum] 225000 steps -> vx_cmd 0.22 (survival gate)
[diag]    250000 steps  ep_len=182 fall=0.82  vx=-0.045  hip_diff=10.0deg hip_corr=+0.10  torso_rms=14.0deg roll_rate=84dps stride_asym=-0.139  r_hf=-0.168  sigma_torso=0.341
[curriculum] 250000 steps -> vx_cmd 0.27 (survival gate)
[curriculum] 275000 steps -> vx_cmd 0.32 (survival gate)
[curriculum] 300000 steps -> vx_cmd 0.37 (survival gate)
[diag]    500000 steps  ep_len=253 fall=0.76  vx=0.089  hip_diff=12.1deg hip_corr=+0.17  torso_rms=29.2deg roll_rate=102dps stride_asym=-0.144  r_hf=-0.151  sigma_torso=0.327
[diag]    750000 steps  ep_len=167 fall=0.96  vx=0.145  hip_diff=15.3deg hip_corr=+0.07  torso_rms=30.7deg roll_rate=139dps stride_asym=-0.137  r_hf=-0.148  sigma_torso=0.321
[diag]   1000000 steps  ep_len=255 fall=0.82  vx=0.120  hip_diff=15.6deg hip_corr=-0.06  torso_rms=28.0deg roll_rate=120dps stride_asym=-0.129  r_hf=-0.153  sigma_torso=0.318
[diag]   1250000 steps  ep_len=255 fall=0.82  vx=0.131  hip_diff=15.9deg hip_corr=-0.04  torso_rms=32.2deg roll_rate=131dps stride_asym=-0.128  r_hf=-0.157  sigma_torso=0.313
[diag]   1500000 steps  ep_len=303 fall=0.69  vx=0.118  hip_diff=15.4deg hip_corr=-0.05  torso_rms=31.7deg roll_rate=121dps stride_asym=-0.084  r_hf=-0.153  sigma_torso=0.308
[diag]   1750000 steps  ep_len=298 fall=0.71  vx=0.126  hip_diff=14.7deg hip_corr=+0.00  torso_rms=35.1deg roll_rate=113dps stride_asym=-0.029  r_hf=-0.151  sigma_torso=0.305
[diag]   2000000 steps  ep_len=312 fall=0.69  vx=0.122  hip_diff=14.2deg hip_corr=+0.01  torso_rms=36.5deg roll_rate=115dps stride_asym=-0.032  r_hf=-0.146  sigma_torso=0.302
[diag]   2250000 steps  ep_len=366 fall=0.48  vx=0.108  hip_diff=13.4deg hip_corr=-0.03  torso_rms=33.4deg roll_rate=100dps stride_asym=-0.081  r_hf=-0.144  sigma_torso=0.296
[curriculum] 2250000 steps -> vx_cmd 0.42 (survival gate)
[diag]   2500000 steps  ep_len=350 fall=0.55  vx=0.143  hip_diff=15.0deg hip_corr=-0.16  torso_rms=31.6deg roll_rate=95dps stride_asym=-0.113  r_hf=-0.144  sigma_torso=0.294
[diag]   2750000 steps  ep_len=361 fall=0.50  vx=0.142  hip_diff=16.1deg hip_corr=-0.29  torso_rms=31.9deg roll_rate=100dps stride_asym=-0.084  r_hf=-0.144  sigma_torso=0.289
[diag]   3000000 steps  ep_len=333 fall=0.60  vx=0.196  hip_diff=17.0deg hip_corr=-0.35  torso_rms=31.1deg roll_rate=103dps stride_asym=-0.081  r_hf=-0.147  sigma_torso=0.280
[train_grid4] done -> /Users/ben/Documents/CMU/Robomechanics Lab/PenguMujoco/pengu_mujoco/rl_grid4/runs/r3d_arm/s2/ckpts/final.zip
=== r3d_arm s2 eval Sun Aug 23 01:00:25 EDT 2026 ===
/opt/anaconda3/envs/pengu/lib/python3.11/site-packages/numpy/_core/fromnumeric.py:4232: RuntimeWarning: Degrees of freedom <= 0 for slice
  return _methods._var(a, axis=axis, dtype=dtype, out=out, ddof=ddof,
/opt/anaconda3/envs/pengu/lib/python3.11/site-packages/numpy/_core/_methods.py:178: RuntimeWarning: invalid value encountered in divide
  arrmean = um.true_divide(arrmean, div, out=arrmean,
/opt/anaconda3/envs/pengu/lib/python3.11/site-packages/numpy/_core/_methods.py:211: RuntimeWarning: invalid value encountered in scalar divide
  ret = ret.dtype.type(ret / rcount)
/opt/anaconda3/envs/pengu/lib/python3.11/site-packages/numpy/_core/fromnumeric.py:3824: RuntimeWarning: Mean of empty slice
  return _methods._mean(a, axis=axis, dtype=dtype,
/opt/anaconda3/envs/pengu/lib/python3.11/site-packages/numpy/_core/_methods.py:142: RuntimeWarning: invalid value encountered in scalar divide
  ret = ret.dtype.type(ret / rcount)
  mu=0.1  pass=0.6  net_fwd mean=0.366 min=0.000  torso_rms med=nandeg
  mu=0.2  pass=1.0  net_fwd mean=0.559 min=0.544  torso_rms med=23.4deg
  mu=0.3  pass=1.0  net_fwd mean=0.363 min=0.338  torso_rms med=19.5deg
  mu=0.4  pass=1.0  net_fwd mean=0.067 min=0.053  torso_rms med=28.6deg
[ckpts] tier 3 walk, torso ACTIVE (med RMS 26.5deg >= 5.0)
wrote /Users/ben/Documents/CMU/Robomechanics Lab/PenguMujoco/pengu_mujoco/rl_grid4/runs/r3d_arm/s2/eval_frozen.csv (20 trials)
=== r3d_arm s3 train Sun Aug 23 01:00:40 EDT 2026 ===
[train_grid4] r3d_arm/s3: 3000000 steps x 8 envs -> /Users/ben/Documents/CMU/Robomechanics Lab/PenguMujoco/pengu_mujoco/rl_grid4/runs/r3d_arm/s3
[curriculum] vx_cmd start 0.12
[curriculum] 225000 steps -> vx_cmd 0.17 (survival gate)
[diag]    250000 steps  ep_len=181 fall=0.83  vx=-0.042  hip_diff=10.0deg hip_corr=+0.11  torso_rms=14.1deg roll_rate=85dps stride_asym=-0.077  r_hf=-0.167  sigma_torso=0.345
[curriculum] 250000 steps -> vx_cmd 0.22 (survival gate)
[curriculum] 275000 steps -> vx_cmd 0.27 (survival gate)
[diag]    500000 steps  ep_len=299 fall=0.68  vx=0.075  hip_diff=10.0deg hip_corr=+0.33  torso_rms=31.2deg roll_rate=96dps stride_asym=-0.092  r_hf=-0.156  sigma_torso=0.339
[diag]    750000 steps  ep_len=260 fall=0.80  vx=0.100  hip_diff=11.0deg hip_corr=+0.29  torso_rms=32.3deg roll_rate=111dps stride_asym=-0.094  r_hf=-0.159  sigma_torso=0.328
[diag]   1000000 steps  ep_len=328 fall=0.60  vx=0.082  hip_diff=11.7deg hip_corr=+0.21  torso_rms=31.1deg roll_rate=91dps stride_asym=-0.030  r_hf=-0.155  sigma_torso=0.318
[curriculum] 1100000 steps -> vx_cmd 0.32 (survival gate)
[diag]   1250000 steps  ep_len=380 fall=0.42  vx=0.063  hip_diff=11.2deg hip_corr=+0.17  torso_rms=28.6deg roll_rate=83dps stride_asym=-0.004  r_hf=-0.147  sigma_torso=0.313
[diag]   1500000 steps  ep_len=343 fall=0.57  vx=0.075  hip_diff=11.5deg hip_corr=+0.28  torso_rms=33.0deg roll_rate=90dps stride_asym=+0.008  r_hf=-0.148  sigma_torso=0.305
[diag]   1750000 steps  ep_len=384 fall=0.43  vx=0.079  hip_diff=11.8deg hip_corr=+0.13  torso_rms=27.7deg roll_rate=86dps stride_asym=-0.011  r_hf=-0.143  sigma_torso=0.292
[diag]   2000000 steps  ep_len=384 fall=0.43  vx=0.072  hip_diff=11.7deg hip_corr=+0.14  torso_rms=26.9deg roll_rate=83dps stride_asym=-0.056  r_hf=-0.135  sigma_torso=0.284
[diag]   2250000 steps  ep_len=381 fall=0.39  vx=0.037  hip_diff=11.8deg hip_corr=+0.03  torso_rms=24.8deg roll_rate=78dps stride_asym=-0.108  r_hf=-0.130  sigma_torso=0.280
[curriculum] 2275000 steps -> vx_cmd 0.37 (survival gate)
[curriculum] 2300000 steps -> vx_cmd 0.42 (survival gate)
[curriculum] 2325000 steps -> vx_cmd 0.47 (survival gate)
[curriculum] 2350000 steps -> vx_cmd 0.47 (survival gate)
[diag]   2500000 steps  ep_len=378 fall=0.41  vx=0.023  hip_diff=11.1deg hip_corr=+0.09  torso_rms=19.6deg roll_rate=73dps stride_asym=-0.134  r_hf=-0.126  sigma_torso=0.272
[diag]   2750000 steps  ep_len=307 fall=0.67  vx=0.041  hip_diff=12.9deg hip_corr=-0.03  torso_rms=19.1deg roll_rate=84dps stride_asym=-0.108  r_hf=-0.116  sigma_torso=0.264
[diag]   3000000 steps  ep_len=226 fall=0.86  vx=0.145  hip_diff=15.8deg hip_corr=-0.17  torso_rms=22.9deg roll_rate=107dps stride_asym=-0.061  r_hf=-0.117  sigma_torso=0.261
[train_grid4] done -> /Users/ben/Documents/CMU/Robomechanics Lab/PenguMujoco/pengu_mujoco/rl_grid4/runs/r3d_arm/s3/ckpts/final.zip
=== r3d_arm s3 eval Sun Aug 23 01:19:52 EDT 2026 ===
/opt/anaconda3/envs/pengu/lib/python3.11/site-packages/numpy/_core/fromnumeric.py:4232: RuntimeWarning: Degrees of freedom <= 0 for slice
  return _methods._var(a, axis=axis, dtype=dtype, out=out, ddof=ddof,
/opt/anaconda3/envs/pengu/lib/python3.11/site-packages/numpy/_core/_methods.py:178: RuntimeWarning: invalid value encountered in divide
  arrmean = um.true_divide(arrmean, div, out=arrmean,
/opt/anaconda3/envs/pengu/lib/python3.11/site-packages/numpy/_core/_methods.py:211: RuntimeWarning: invalid value encountered in scalar divide
  ret = ret.dtype.type(ret / rcount)
/opt/anaconda3/envs/pengu/lib/python3.11/site-packages/numpy/_core/fromnumeric.py:3824: RuntimeWarning: Mean of empty slice
  return _methods._mean(a, axis=axis, dtype=dtype,
/opt/anaconda3/envs/pengu/lib/python3.11/site-packages/numpy/_core/_methods.py:142: RuntimeWarning: invalid value encountered in scalar divide
  ret = ret.dtype.type(ret / rcount)
  mu=0.1  pass=0.6  net_fwd mean=0.062 min=0.000  torso_rms med=nandeg
  mu=0.2  pass=0.2  net_fwd mean=0.048 min=-0.001  torso_rms med=nandeg
  mu=0.3  pass=0.2  net_fwd mean=0.018 min=0.000  torso_rms med=nandeg
  mu=0.4  pass=0.0  net_fwd mean=0.015 min=0.000  torso_rms med=nandeg
[ckpts] tier 1 no-walk (zero standing on torso claims)
wrote /Users/ben/Documents/CMU/Robomechanics Lab/PenguMujoco/pengu_mujoco/rl_grid4/runs/r3d_arm/s3/eval_frozen.csv (20 trials)
=== r3d_arm s4 train Sun Aug 23 01:20:06 EDT 2026 ===
[train_grid4] r3d_arm/s4: 3000000 steps x 8 envs -> /Users/ben/Documents/CMU/Robomechanics Lab/PenguMujoco/pengu_mujoco/rl_grid4/runs/r3d_arm/s4
[curriculum] vx_cmd start 0.12
[diag]    250000 steps  ep_len=173 fall=0.84  vx=-0.045  hip_diff=10.4deg hip_corr=+0.08  torso_rms=14.1deg roll_rate=84dps stride_asym=-0.078  r_hf=-0.166  sigma_torso=0.347
[curriculum] 425000 steps -> vx_cmd 0.17 (survival gate)
[diag]    500000 steps  ep_len=359 fall=0.50  vx=0.062  hip_diff=8.5deg hip_corr=+0.42  torso_rms=29.3deg roll_rate=77dps stride_asym=-0.121  r_hf=-0.152  sigma_torso=0.334
[curriculum] 600000 steps -> vx_cmd 0.22 (survival gate)
[curriculum] 625000 steps -> vx_cmd 0.27 (survival gate)
[curriculum] 650000 steps -> vx_cmd 0.32 (survival gate)
[curriculum] 675000 steps -> vx_cmd 0.37 (survival gate)
[diag]    750000 steps  ep_len=354 fall=0.49  vx=0.060  hip_diff=8.6deg hip_corr=+0.49  torso_rms=30.9deg roll_rate=83dps stride_asym=-0.151  r_hf=-0.143  sigma_torso=0.325
[diag]   1000000 steps  ep_len=180 fall=0.95  vx=0.117  hip_diff=11.0deg hip_corr=+0.45  torso_rms=36.3deg roll_rate=107dps stride_asym=-0.126  r_hf=-0.141  sigma_torso=0.314
[diag]   1250000 steps  ep_len=250 fall=0.84  vx=0.121  hip_diff=13.1deg hip_corr=+0.21  torso_rms=34.0deg roll_rate=100dps stride_asym=-0.110  r_hf=-0.142  sigma_torso=0.309
[diag]   1500000 steps  ep_len=285 fall=0.77  vx=0.117  hip_diff=13.8deg hip_corr=+0.15  torso_rms=32.9deg roll_rate=100dps stride_asym=-0.105  r_hf=-0.139  sigma_torso=0.300
[diag]   1750000 steps  ep_len=316 fall=0.68  vx=0.127  hip_diff=14.8deg hip_corr=+0.03  torso_rms=29.7deg roll_rate=98dps stride_asym=-0.057  r_hf=-0.141  sigma_torso=0.295
[diag]   2000000 steps  ep_len=340 fall=0.59  vx=0.135  hip_diff=14.7deg hip_corr=-0.08  torso_rms=28.9deg roll_rate=88dps stride_asym=-0.024  r_hf=-0.143  sigma_torso=0.290
[diag]   2250000 steps  ep_len=358 fall=0.52  vx=0.123  hip_diff=14.7deg hip_corr=-0.14  torso_rms=26.8deg roll_rate=86dps stride_asym=-0.039  r_hf=-0.139  sigma_torso=0.286
[diag]   2500000 steps  ep_len=364 fall=0.50  vx=0.105  hip_diff=15.8deg hip_corr=-0.19  torso_rms=26.7deg roll_rate=89dps stride_asym=-0.071  r_hf=-0.135  sigma_torso=0.281
[diag]   2750000 steps  ep_len=356 fall=0.52  vx=0.109  hip_diff=15.4deg hip_corr=-0.22  torso_rms=29.0deg roll_rate=88dps stride_asym=-0.068  r_hf=-0.126  sigma_torso=0.274
[diag]   3000000 steps  ep_len=382 fall=0.43  vx=0.109  hip_diff=15.5deg hip_corr=-0.31  torso_rms=26.3deg roll_rate=88dps stride_asym=-0.055  r_hf=-0.121  sigma_torso=0.272
[train_grid4] done -> /Users/ben/Documents/CMU/Robomechanics Lab/PenguMujoco/pengu_mujoco/rl_grid4/runs/r3d_arm/s4/ckpts/final.zip
=== r3d_arm s4 eval Sun Aug 23 01:38:38 EDT 2026 ===
/opt/anaconda3/envs/pengu/lib/python3.11/site-packages/numpy/_core/fromnumeric.py:4232: RuntimeWarning: Degrees of freedom <= 0 for slice
  return _methods._var(a, axis=axis, dtype=dtype, out=out, ddof=ddof,
/opt/anaconda3/envs/pengu/lib/python3.11/site-packages/numpy/_core/_methods.py:178: RuntimeWarning: invalid value encountered in divide
  arrmean = um.true_divide(arrmean, div, out=arrmean,
/opt/anaconda3/envs/pengu/lib/python3.11/site-packages/numpy/_core/_methods.py:211: RuntimeWarning: invalid value encountered in scalar divide
  ret = ret.dtype.type(ret / rcount)
/opt/anaconda3/envs/pengu/lib/python3.11/site-packages/numpy/_core/fromnumeric.py:3824: RuntimeWarning: Mean of empty slice
  return _methods._mean(a, axis=axis, dtype=dtype,
/opt/anaconda3/envs/pengu/lib/python3.11/site-packages/numpy/_core/_methods.py:142: RuntimeWarning: invalid value encountered in scalar divide
  ret = ret.dtype.type(ret / rcount)
  mu=0.1  pass=0.4  net_fwd mean=0.450 min=0.000  torso_rms med=nandeg
  mu=0.2  pass=0.8  net_fwd mean=0.351 min=0.030  torso_rms med=40.9deg
  mu=0.3  pass=0.8  net_fwd mean=0.100 min=0.000  torso_rms med=nandeg
  mu=0.4  pass=1.0  net_fwd mean=0.092 min=0.088  torso_rms med=15.8deg
[ckpts] tier 1 no-walk (zero standing on torso claims)
wrote /Users/ben/Documents/CMU/Robomechanics Lab/PenguMujoco/pengu_mujoco/rl_grid4/runs/r3d_arm/s4/eval_frozen.csv (20 trials)
=== r3d_arm s5 train Sun Aug 23 01:38:52 EDT 2026 ===
[train_grid4] r3d_arm/s5: 3000000 steps x 8 envs -> /Users/ben/Documents/CMU/Robomechanics Lab/PenguMujoco/pengu_mujoco/rl_grid4/runs/r3d_arm/s5
[curriculum] vx_cmd start 0.12
[diag]    250000 steps  ep_len=162 fall=0.87  vx=-0.040  hip_diff=10.1deg hip_corr=+0.13  torso_rms=14.1deg roll_rate=85dps stride_asym=-0.104  r_hf=-0.167  sigma_torso=0.349
[curriculum] 475000 steps -> vx_cmd 0.17 (survival gate)
[diag]    500000 steps  ep_len=362 fall=0.45  vx=0.052  hip_diff=8.7deg hip_corr=+0.35  torso_rms=26.1deg roll_rate=77dps stride_asym=-0.138  r_hf=-0.154  sigma_torso=0.335
[curriculum] 500000 steps -> vx_cmd 0.22 (survival gate)
[curriculum] 525000 steps -> vx_cmd 0.27 (survival gate)
[diag]    750000 steps  ep_len=336 fall=0.56  vx=0.069  hip_diff=8.9deg hip_corr=+0.45  torso_rms=33.0deg roll_rate=88dps stride_asym=-0.172  r_hf=-0.146  sigma_torso=0.327
[diag]   1000000 steps  ep_len=315 fall=0.63  vx=0.081  hip_diff=10.2deg hip_corr=+0.40  torso_rms=33.2deg roll_rate=93dps stride_asym=-0.130  r_hf=-0.141  sigma_torso=0.320
[diag]   1250000 steps  ep_len=352 fall=0.53  vx=0.070  hip_diff=11.6deg hip_corr=+0.22  torso_rms=28.9deg roll_rate=81dps stride_asym=-0.096  r_hf=-0.141  sigma_torso=0.316
[diag]   1500000 steps  ep_len=391 fall=0.42  vx=0.080  hip_diff=11.2deg hip_corr=+0.14  torso_rms=26.9deg roll_rate=76dps stride_asym=-0.051  r_hf=-0.142  sigma_torso=0.310
[diag]   1750000 steps  ep_len=384 fall=0.42  vx=0.092  hip_diff=10.5deg hip_corr=+0.19  torso_rms=29.0deg roll_rate=79dps stride_asym=-0.054  r_hf=-0.134  sigma_torso=0.301
[curriculum] 1825000 steps -> vx_cmd 0.32 (survival gate)
[curriculum] 1850000 steps -> vx_cmd 0.37 (survival gate)
[curriculum] 1900000 steps -> vx_cmd 0.42 (survival gate)
[diag]   2000000 steps  ep_len=406 fall=0.34  vx=0.076  hip_diff=11.0deg hip_corr=+0.10  torso_rms=27.3deg roll_rate=76dps stride_asym=-0.087  r_hf=-0.127  sigma_torso=0.292
[diag]   2250000 steps  ep_len=318 fall=0.65  vx=0.149  hip_diff=15.1deg hip_corr=-0.12  torso_rms=28.4deg roll_rate=93dps stride_asym=-0.115  r_hf=-0.135  sigma_torso=0.285
[diag]   2500000 steps  ep_len=372 fall=0.48  vx=0.114  hip_diff=14.5deg hip_corr=-0.17  torso_rms=25.2deg roll_rate=89dps stride_asym=-0.092  r_hf=-0.129  sigma_torso=0.280
[diag]   2750000 steps  ep_len=347 fall=0.58  vx=0.131  hip_diff=15.4deg hip_corr=-0.03  torso_rms=27.6deg roll_rate=94dps stride_asym=-0.105  r_hf=-0.130  sigma_torso=0.275
[diag]   3000000 steps  ep_len=345 fall=0.55  vx=0.133  hip_diff=16.1deg hip_corr=-0.07  torso_rms=27.6deg roll_rate=99dps stride_asym=-0.163  r_hf=-0.131  sigma_torso=0.273
[train_grid4] done -> /Users/ben/Documents/CMU/Robomechanics Lab/PenguMujoco/pengu_mujoco/rl_grid4/runs/r3d_arm/s5/ckpts/final.zip
=== r3d_arm s5 eval Sun Aug 23 01:58:19 EDT 2026 ===
/opt/anaconda3/envs/pengu/lib/python3.11/site-packages/numpy/_core/fromnumeric.py:4232: RuntimeWarning: Degrees of freedom <= 0 for slice
  return _methods._var(a, axis=axis, dtype=dtype, out=out, ddof=ddof,
/opt/anaconda3/envs/pengu/lib/python3.11/site-packages/numpy/_core/_methods.py:178: RuntimeWarning: invalid value encountered in divide
  arrmean = um.true_divide(arrmean, div, out=arrmean,
/opt/anaconda3/envs/pengu/lib/python3.11/site-packages/numpy/_core/_methods.py:211: RuntimeWarning: invalid value encountered in scalar divide
  ret = ret.dtype.type(ret / rcount)
/opt/anaconda3/envs/pengu/lib/python3.11/site-packages/numpy/_core/fromnumeric.py:3824: RuntimeWarning: Mean of empty slice
  return _methods._mean(a, axis=axis, dtype=dtype,
/opt/anaconda3/envs/pengu/lib/python3.11/site-packages/numpy/_core/_methods.py:142: RuntimeWarning: invalid value encountered in scalar divide
  ret = ret.dtype.type(ret / rcount)
  mu=0.1  pass=0.8  net_fwd mean=0.457 min=0.000  torso_rms med=nandeg
  mu=0.2  pass=1.0  net_fwd mean=0.470 min=0.463  torso_rms med=13.0deg
  mu=0.3  pass=0.8  net_fwd mean=0.207 min=0.000  torso_rms med=nandeg
  mu=0.4  pass=1.0  net_fwd mean=0.133 min=0.125  torso_rms med=19.4deg
[ckpts] tier 3 walk, torso ACTIVE (med RMS 17.6deg >= 5.0)
wrote /Users/ben/Documents/CMU/Robomechanics Lab/PenguMujoco/pengu_mujoco/rl_grid4/runs/r3d_arm/s5/eval_frozen.csv (20 trials)
=== r3d_arm s6 train Sun Aug 23 01:58:33 EDT 2026 ===
[train_grid4] r3d_arm/s6: 3000000 steps x 8 envs -> /Users/ben/Documents/CMU/Robomechanics Lab/PenguMujoco/pengu_mujoco/rl_grid4/runs/r3d_arm/s6
[curriculum] vx_cmd start 0.12
[curriculum] 225000 steps -> vx_cmd 0.17 (survival gate)
[diag]    250000 steps  ep_len=193 fall=0.82  vx=-0.032  hip_diff=10.6deg hip_corr=+0.10  torso_rms=14.4deg roll_rate=83dps stride_asym=-0.077  r_hf=-0.167  sigma_torso=0.343
[curriculum] 250000 steps -> vx_cmd 0.22 (survival gate)
[diag]    500000 steps  ep_len=326 fall=0.58  vx=0.055  hip_diff=9.7deg hip_corr=+0.33  torso_rms=27.8deg roll_rate=79dps stride_asym=-0.124  r_hf=-0.152  sigma_torso=0.336
[diag]    750000 steps  ep_len=349 fall=0.51  vx=0.066  hip_diff=10.0deg hip_corr=+0.25  torso_rms=28.2deg roll_rate=86dps stride_asym=-0.114  r_hf=-0.148  sigma_torso=0.330
[curriculum] 775000 steps -> vx_cmd 0.27 (survival gate)
[curriculum] 800000 steps -> vx_cmd 0.32 (survival gate)
[curriculum] 825000 steps -> vx_cmd 0.37 (survival gate)
[diag]   1000000 steps  ep_len=299 fall=0.63  vx=0.109  hip_diff=12.1deg hip_corr=+0.11  torso_rms=28.6deg roll_rate=99dps stride_asym=-0.051  r_hf=-0.150  sigma_torso=0.323
[diag]   1250000 steps  ep_len=251 fall=0.83  vx=0.126  hip_diff=13.7deg hip_corr=+0.03  torso_rms=29.4deg roll_rate=114dps stride_asym=-0.010  r_hf=-0.155  sigma_torso=0.317
[diag]   1500000 steps  ep_len=281 fall=0.76  vx=0.124  hip_diff=13.0deg hip_corr=+0.07  torso_rms=33.8deg roll_rate=116dps stride_asym=+0.085  r_hf=-0.161  sigma_torso=0.305
[diag]   1750000 steps  ep_len=250 fall=0.82  vx=0.121  hip_diff=12.9deg hip_corr=+0.15  torso_rms=38.3deg roll_rate=118dps stride_asym=+0.127  r_hf=-0.158  sigma_torso=0.299
[diag]   2000000 steps  ep_len=331 fall=0.60  vx=0.093  hip_diff=12.6deg hip_corr=+0.05  torso_rms=34.7deg roll_rate=107dps stride_asym=+0.143  r_hf=-0.151  sigma_torso=0.290
[diag]   2250000 steps  ep_len=322 fall=0.62  vx=0.102  hip_diff=13.5deg hip_corr=+0.02  torso_rms=34.5deg roll_rate=111dps stride_asym=+0.154  r_hf=-0.150  sigma_torso=0.287
[diag]   2500000 steps  ep_len=358 fall=0.48  vx=0.088  hip_diff=11.6deg hip_corr=+0.15  torso_rms=32.3deg roll_rate=102dps stride_asym=+0.176  r_hf=-0.147  sigma_torso=0.280
[diag]   2750000 steps  ep_len=381 fall=0.43  vx=0.072  hip_diff=10.8deg hip_corr=+0.16  torso_rms=34.0deg roll_rate=95dps stride_asym=+0.204  r_hf=-0.133  sigma_torso=0.274
[diag]   3000000 steps  ep_len=358 fall=0.52  vx=0.094  hip_diff=12.8deg hip_corr=-0.00  torso_rms=33.7deg roll_rate=105dps stride_asym=+0.222  r_hf=-0.139  sigma_torso=0.273
[train_grid4] done -> /Users/ben/Documents/CMU/Robomechanics Lab/PenguMujoco/pengu_mujoco/rl_grid4/runs/r3d_arm/s6/ckpts/final.zip
=== r3d_arm s6 eval Sun Aug 23 02:18:03 EDT 2026 ===
  mu=0.1  pass=0.0  net_fwd mean=0.003 min=0.001  torso_rms med=39.9deg
  mu=0.2  pass=0.0  net_fwd mean=0.003 min=0.002  torso_rms med=40.4deg
  mu=0.3  pass=0.0  net_fwd mean=0.012 min=0.006  torso_rms med=39.6deg
  mu=0.4  pass=0.0  net_fwd mean=0.003 min=0.000  torso_rms med=42.4deg
[ckpts] tier 1 no-walk (zero standing on torso claims)
wrote /Users/ben/Documents/CMU/Robomechanics Lab/PenguMujoco/pengu_mujoco/rl_grid4/runs/r3d_arm/s6/eval_frozen.csv (20 trials)
=== r3d_arm s7 train Sun Aug 23 02:18:19 EDT 2026 ===
[train_grid4] r3d_arm/s7: 3000000 steps x 8 envs -> /Users/ben/Documents/CMU/Robomechanics Lab/PenguMujoco/pengu_mujoco/rl_grid4/runs/r3d_arm/s7
[curriculum] vx_cmd start 0.12
[diag]    250000 steps  ep_len=173 fall=0.86  vx=-0.040  hip_diff=10.1deg hip_corr=+0.11  torso_rms=13.3deg roll_rate=84dps stride_asym=-0.092  r_hf=-0.168  sigma_torso=0.346
[diag]    500000 steps  ep_len=361 fall=0.48  vx=0.042  hip_diff=9.0deg hip_corr=+0.40  torso_rms=27.1deg roll_rate=79dps stride_asym=-0.143  r_hf=-0.152  sigma_torso=0.330
[curriculum] 575000 steps -> vx_cmd 0.17 (survival gate)
[curriculum] 625000 steps -> vx_cmd 0.22 (survival gate)
[curriculum] 650000 steps -> vx_cmd 0.27 (survival gate)
[diag]    750000 steps  ep_len=387 fall=0.39  vx=0.051  hip_diff=8.5deg hip_corr=+0.45  torso_rms=30.8deg roll_rate=73dps stride_asym=-0.175  r_hf=-0.145  sigma_torso=0.321
[diag]   1000000 steps  ep_len=237 fall=0.85  vx=0.121  hip_diff=10.7deg hip_corr=+0.52  torso_rms=38.4deg roll_rate=109dps stride_asym=-0.127  r_hf=-0.140  sigma_torso=0.313
[diag]   1250000 steps  ep_len=312 fall=0.64  vx=0.104  hip_diff=11.8deg hip_corr=+0.32  torso_rms=35.3deg roll_rate=104dps stride_asym=-0.097  r_hf=-0.143  sigma_torso=0.309
[curriculum] 1375000 steps -> vx_cmd 0.32 (survival gate)
[diag]   1500000 steps  ep_len=396 fall=0.42  vx=0.092  hip_diff=10.8deg hip_corr=+0.29  torso_rms=33.0deg roll_rate=85dps stride_asym=-0.088  r_hf=-0.141  sigma_torso=0.301
[diag]   1750000 steps  ep_len=377 fall=0.46  vx=0.110  hip_diff=12.3deg hip_corr=+0.12  torso_rms=29.5deg roll_rate=86dps stride_asym=-0.098  r_hf=-0.141  sigma_torso=0.297
[diag]   2000000 steps  ep_len=374 fall=0.47  vx=0.130  hip_diff=12.7deg hip_corr=+0.08  torso_rms=30.2deg roll_rate=90dps stride_asym=-0.101  r_hf=-0.141  sigma_torso=0.294
[diag]   2250000 steps  ep_len=372 fall=0.48  vx=0.155  hip_diff=13.3deg hip_corr=-0.00  torso_rms=31.2deg roll_rate=94dps stride_asym=-0.081  r_hf=-0.139  sigma_torso=0.291
[curriculum] 2450000 steps -> vx_cmd 0.37 (survival gate)
[curriculum] 2475000 steps -> vx_cmd 0.42 (survival gate)
[diag]   2500000 steps  ep_len=414 fall=0.31  vx=0.123  hip_diff=12.6deg hip_corr=-0.02  torso_rms=28.7deg roll_rate=81dps stride_asym=-0.096  r_hf=-0.133  sigma_torso=0.284
[curriculum] 2500000 steps -> vx_cmd 0.47 (survival gate)
[diag]   2750000 steps  ep_len=314 fall=0.69  vx=0.233  hip_diff=15.7deg hip_corr=-0.05  torso_rms=30.8deg roll_rate=112dps stride_asym=-0.068  r_hf=-0.143  sigma_torso=0.280
[diag]   3000000 steps  ep_len=310 fall=0.70  vx=0.234  hip_diff=16.1deg hip_corr=-0.14  torso_rms=31.2deg roll_rate=114dps stride_asym=+0.004  r_hf=-0.152  sigma_torso=0.275
[train_grid4] done -> /Users/ben/Documents/CMU/Robomechanics Lab/PenguMujoco/pengu_mujoco/rl_grid4/runs/r3d_arm/s7/ckpts/final.zip
=== r3d_arm s7 eval Sun Aug 23 02:37:52 EDT 2026 ===
/opt/anaconda3/envs/pengu/lib/python3.11/site-packages/numpy/_core/fromnumeric.py:4232: RuntimeWarning: Degrees of freedom <= 0 for slice
  return _methods._var(a, axis=axis, dtype=dtype, out=out, ddof=ddof,
/opt/anaconda3/envs/pengu/lib/python3.11/site-packages/numpy/_core/_methods.py:178: RuntimeWarning: invalid value encountered in divide
  arrmean = um.true_divide(arrmean, div, out=arrmean,
/opt/anaconda3/envs/pengu/lib/python3.11/site-packages/numpy/_core/_methods.py:211: RuntimeWarning: invalid value encountered in scalar divide
  ret = ret.dtype.type(ret / rcount)
/opt/anaconda3/envs/pengu/lib/python3.11/site-packages/numpy/_core/fromnumeric.py:3824: RuntimeWarning: Mean of empty slice
  return _methods._mean(a, axis=axis, dtype=dtype,
/opt/anaconda3/envs/pengu/lib/python3.11/site-packages/numpy/_core/_methods.py:142: RuntimeWarning: invalid value encountered in scalar divide
  ret = ret.dtype.type(ret / rcount)
  mu=0.1  pass=0.8  net_fwd mean=0.364 min=0.000  torso_rms med=nandeg
  mu=0.2  pass=1.0  net_fwd mean=0.661 min=0.648  torso_rms med=29.4deg
  mu=0.3  pass=0.8  net_fwd mean=0.413 min=0.000  torso_rms med=nandeg
  mu=0.4  pass=0.4  net_fwd mean=0.052 min=0.004  torso_rms med=39.6deg
[ckpts] tier 1 no-walk (zero standing on torso claims)
wrote /Users/ben/Documents/CMU/Robomechanics Lab/PenguMujoco/pengu_mujoco/rl_grid4/runs/r3d_arm/s7/eval_frozen.csv (20 trials)
=== r3d_arm complete Sun Aug 23 02:38:06 EDT 2026 ===
